# Mobile Network Operator Codes (MCC+MNC)
# Format: MCCMNC=Operator Name (Country)
# MCC = Mobile Country Code (3 digits)
# MNC = Mobile Network Code (2-3 digits)

# Denmark (238)
23801=TDC NET (Denmark)
23802=Telenor Denmark (Denmark)
23803=MIGway (Denmark)
23806=Hi3G (3) Denmark (Denmark)
23807=Voxbone (Denmark)
23808=Nordisk Mobiltelefon (Denmark)
23810=TDC (Denmark)
23812=Lycamobile Denmark (Denmark)
23820=Telia Denmark (Denmark)
23830=Greenwave (Denmark)
23877=Telenor Denmark (Denmark)

# Norway (242)
24201=Telenor Norway (Norway)
24202=NetCom Norway (Norway)
24203=Teletopia (Norway)
24204=Tele2 Norway (Norway)
24205=Network Norway (Norway)
24206=ICE (Norway)
24207=Ventelo (Norway)
24208=TDC (Norway)
24209=Com4 (Norway)
24214=ICE Communication Norge (Norway)

# Sweden (240)
24001=Telia Sweden (Sweden)
24002=Three (3) Sweden (Sweden)
24003=Netett Sverige (Sweden)
24004=Sweden 3G (Sweden)
24005=Svenska UMTS (Sweden)
24006=Telenor Sweden (Sweden)
24007=Tele2 Sweden (Sweden)
24008=Telenor Sweden (Sweden)
24010=Spring Mobil (Sweden)
24024=Tele2 Sweden (Sweden)

# Finland (244)
24403=DNA (Finland)
24405=Elisa (Finland)
24409=Finnet (Finland)
24412=DNA (Finland)
24414=Ålands Telekommunikation (Finland)
24421=Elisa (Finland)
24491=Sonera (Finland)

# USA (310-316)
310004=Verizon (USA)
310012=Verizon (USA)
310030=AT&T (USA)
310070=AT&T (USA)
310080=AT&T (USA)
310150=AT&T (USA)
310170=T-Mobile (USA)
310200=T-Mobile (USA)
310210=T-Mobile (USA)
310220=T-Mobile (USA)
310230=T-Mobile (USA)
310240=T-Mobile (USA)
310260=T-Mobile (USA)
310410=AT&T (USA)
310560=AT&T (USA)
310890=Verizon (USA)
311480=Verizon (USA)

# UK (234-235)
23410=O2 UK (UK)
23415=Vodafone UK (UK)
23420=Three (3) UK (UK)
23430=EE (UK)
23431=EE (UK)
23432=EE (UK)
23433=EE (UK)
23450=JT (Jersey Telecom) (UK)
23455=Cable & Wireless (UK)
23476=BT (UK)

# Germany (262)
26201=T-Mobile Germany (Germany)
26202=Vodafone Germany (Germany)
26203=E-Plus (Germany)
26204=Vodafone Germany (Germany)
26206=T-Mobile Germany (Germany)
26207=O2 Germany (Germany)
26208=O2 Germany (Germany)
26209=Vodafone Germany (Germany)

# France (208)
20801=Orange France (France)
20802=Orange France (France)
20810=SFR (France)
20811=SFR (France)
20815=Free Mobile (France)
20820=Bouygues Telecom (France)
20821=Bouygues Telecom (France)

# Spain (214)
21401=Vodafone Spain (Spain)
21403=Orange Spain (Spain)
21404=Yoigo (Spain)
21405=Telefónica (Movistar) (Spain)
21406=Vodafone Spain (Spain)
21407=Telefónica (Movistar) (Spain)
21409=Orange Spain (Spain)

# Italy (222)
22201=TIM (Italy)
22206=Vodafone Italy (Italy)
22210=Vodafone Italy (Italy)
22288=Wind Italy (Italy)
22299=3 Italia (Italy)

# Netherlands (204)
20404=Vodafone Netherlands (Netherlands)
20408=KPN (Netherlands)
20412=Telfort (Netherlands)
20416=T-Mobile Netherlands (Netherlands)
20420=Orange Netherlands (Netherlands)

# Belgium (206)
20601=Proximus (Belgium)
20605=Telenet (Belgium)
20610=Mobistar (Belgium)
20620=Base (Belgium)

# Switzerland (228)
22801=Swisscom (Switzerland)
22802=Sunrise (Switzerland)
22803=Salt Mobile (Switzerland)

# Austria (232)
23201=A1 Telekom Austria (Austria)
23203=T-Mobile Austria (Austria)
23205=Orange Austria (Austria)
23207=T-Mobile Austria (Austria)

# Australia (505)
50501=Telstra (Australia)
50502=Optus (Australia)
50503=Vodafone Australia (Australia)
50505=Telstra (Australia)
50506=Three (3) Australia (Australia)

# China (460)
46000=China Mobile (China)
46001=China Unicom (China)
46003=China Telecom (China)
46011=China Telecom (China)

# Japan (440-441)
44000=Y-Mobile (Japan)
44010=NTT Docomo (Japan)
44020=SoftBank (Japan)
44050=KDDI (Japan)
44051=KDDI (Japan)

# India (404-405)
40401=Vodafone India (India)
40402=Airtel (India)
40403=Airtel (India)
40404=Idea (India)
40410=Airtel (India)
40420=Vodafone India (India)
40446=Reliance Jio (India)

# Canada (302)
30272=Rogers (Canada)
302220=Telus (Canada)
302370=Fido (Canada)
302490=Freedom Mobile (Canada)
302610=Bell (Canada)
302720=Rogers (Canada)

# Default fallback
-=Unknown Operator

NULL=Unknown
