# Mobile Network Operator Codes (MCC+MNC)
# Format: MCCMNC=Operator Name (Country)
# MCC = Mobile Country Code (3 digits)
# MNC = Mobile Network Code (2-3 digits)

# Denmark (238)
23801=TDC NET (Denmark)
23802=Telenor Denmark (Denmark)
23803=MIGway (Denmark)
23806=Hi3G (3) Denmark (Denmark)
23807=Voxbone (Denmark)
23808=Nordisk Mobiltelefon (Denmark)
23810=TDC (Denmark)
23812=Lycamobile Denmark (Denmark)
23820=Telia Denmark (Denmark)
23830=Greenwave (Denmark)
23877=Telenor Denmark (Denmark)

# Norway (242)
24201=Telenor Norway (Norway)
24202=NetCom Norway (Norway)
24203=Teletopia (Norway)
24204=Tele2 Norway (Norway)
24205=Network Norway (Norway)
24206=ICE (Norway)
24207=Ventelo (Norway)
24208=TDC (Norway)
24209=Com4 (Norway)
24214=ICE Communication Norge (Norway)

# Sweden (240)
24001=Telia Sweden (Sweden)
24002=Three (3) Sweden (Sweden)
24003=Netett Sverige (Sweden)
24004=Sweden 3G (Sweden)
24005=Svenska UMTS (Sweden)
24006=Telenor Sweden (Sweden)
24007=Tele2 Sweden (Sweden)
24008=Telenor Sweden (Sweden)
24010=Spring Mobil (Sweden)
24024=Tele2 Sweden (Sweden)

# Finland (244)
24403=DNA (Finland)
24405=Elisa (Finland)
24409=Finnet (Finland)
24412=DNA (Finland)
24414=Ålands Telekommunikation (Finland)
24421=Elisa (Finland)
24491=Sonera (Finland)

# Estonia (248)
24801=EMT (Estonia)
24802=Elisa Estonia (Estonia)
24803=Tele2 Estonia (Estonia)

# Latvia (247)
24701=LMT (Latvia)
24702=Tele2 Latvia (Latvia)
24703=Triatel/Bite (Latvia)
24705=Bite Latvia (Latvia)

# Lithuania (246)
24601=Omnitel (Lithuania)
24602=Bite (Lithuania)
24603=Tele2 Lithuania (Lithuania)

# USA (310-316)
310004=Verizon (USA)
310012=Verizon (USA)
310030=AT&T (USA)
310070=AT&T (USA)
310080=AT&T (USA)
310150=AT&T (USA)
310170=T-Mobile (USA)
310200=T-Mobile (USA)
310210=T-Mobile (USA)
310220=T-Mobile (USA)
310230=T-Mobile (USA)
310240=T-Mobile (USA)
310260=T-Mobile (USA)
310410=AT&T (USA)
310560=AT&T (USA)
310890=Verizon (USA)
311480=Verizon (USA)

# UK (234-235)
23410=O2 UK (UK)
23415=Vodafone UK (UK)
23420=Three (3) UK (UK)
23430=EE (UK)
23431=EE (UK)
23432=EE (UK)
23433=EE (UK)
23450=JT (Jersey Telecom) (UK)
23455=Cable & Wireless (UK)
23476=BT (UK)

# Germany (262)
26201=T-Mobile Germany (Germany)
26202=Vodafone Germany (Germany)
26203=E-Plus (Germany)
26204=Vodafone Germany (Germany)
26206=T-Mobile Germany (Germany)
26207=O2 Germany (Germany)
26208=O2 Germany (Germany)
26209=Vodafone Germany (Germany)

# France (208)
20801=Orange France (France)
20802=Orange France (France)
20810=SFR (France)
20811=SFR (France)
20815=Free Mobile (France)
20820=Bouygues Telecom (France)
20821=Bouygues Telecom (France)

# Spain (214)
21401=Vodafone Spain (Spain)
21403=Orange Spain (Spain)
21404=Yoigo (Spain)
21405=Telefónica (Movistar) (Spain)
21406=Vodafone Spain (Spain)
21407=Telefónica (Movistar) (Spain)
21409=Orange Spain (Spain)

# Italy (222)
22201=TIM (Italy)
22206=Vodafone Italy (Italy)
22210=Vodafone Italy (Italy)
22288=Wind Italy (Italy)
22299=3 Italia (Italy)

# Netherlands (204)
20404=Vodafone Netherlands (Netherlands)
20408=KPN (Netherlands)
20412=Telfort (Netherlands)
20416=T-Mobile Netherlands (Netherlands)
20420=Orange Netherlands (Netherlands)

# Belgium (206)
20601=Proximus (Belgium)
20605=Telenet (Belgium)
20610=Mobistar (Belgium)
20620=Base (Belgium)

# Switzerland (228)
22801=Swisscom (Switzerland)
22802=Sunrise (Switzerland)
22803=Salt Mobile (Switzerland)

# Austria (232)
23201=A1 Telekom Austria (Austria)
23203=T-Mobile Austria (Austria)
23205=Orange Austria (Austria)
23207=T-Mobile Austria (Austria)

# Luxembourg (270)
27001=POST Luxembourg (Luxembourg)
27077=Tango (Luxembourg)
27099=Orange/Voxmobile (Luxembourg)

# Serbia (220)
22001=Telenor Serbia (Serbia)
22003=Telekom Srbija (Serbia)
22005=Vip mobile (Serbia)

# Slovenia (293)
29340=Si.mobil (Slovenia)
29341=Mobitel (Slovenia)
29370=Tušmobil (Slovenia)

# Slovakia (231)
23101=Orange Slovakia (Slovakia)
23102=T-Mobile Slovakia (Slovakia)
23103=Telefónica O2 (Slovakia)
23104=T-Mobile Slovakia (Slovakia)
23106=Orange Slovakia (Slovakia)

# Bulgaria (284)
28401=Mobiltel/A1 (Bulgaria)
28403=Vivacom (Bulgaria)
28405=Telenor Bulgaria (Bulgaria)

# Moldova (259)
25901=Orange Moldova (Moldova)
25902=Moldcell (Moldova)
25905=Moldtelecom/Unite (Moldova)

# Belarus (257)
25701=Velcom (Belarus)
25702=MTS Belarus (Belarus)
25704=life:) (Belarus)

# Malta (278)
27821=Vodafone Malta (Malta)
27877=Melita (Malta)

# Cyprus (280)
28001=Cytamobile-Vodafone (Cyprus)
28010=MTN/Areeba (Cyprus)

# Australia (505)
50501=Telstra (Australia)
50502=Optus (Australia)
50503=Vodafone Australia (Australia)
50505=Telstra (Australia)
50506=Three (3) Australia (Australia)

# China (460)
46000=China Mobile (China)
46001=China Unicom (China)
46003=China Telecom (China)
46011=China Telecom (China)

# Japan (440-441)
44000=Y-Mobile (Japan)
44010=NTT Docomo (Japan)
44020=SoftBank (Japan)
44050=KDDI (Japan)
44051=KDDI (Japan)

# India (404-405)
40401=Vodafone India (India)
40402=Airtel (India)
40403=Airtel (India)
40404=Idea (India)
40410=Airtel (India)
40420=Vodafone India (India)
40446=Reliance Jio (India)

# Canada (302)
30272=Rogers (Canada)
302220=Telus (Canada)
302370=Fido (Canada)
302490=Freedom Mobile (Canada)
302610=Bell (Canada)
302620=ICE Wireless (Canada)
302630=Aliant (Canada)
302640=Bell (Canada)
302650=Telus (Canada)
302660=MTS (Canada)
302720=Rogers (Canada)
302780=SaskTel (Canada)

# Mexico (334)
33402=Telcel (Mexico)
33403=Movistar (Mexico)
33404=Iusacell (Mexico)
33405=Unefon (Mexico)
33409=Nextel (Mexico)
33420=AT&T Mexico (Mexico)
33450=Iusacell (Mexico)

# Brazil (724)
72402=TIM Brasil (Brazil)
72403=TIM Brasil (Brazil)
72404=TIM Brasil (Brazil)
72405=Claro Brasil (Brazil)
72406=Vivo (Brazil)
72410=Vivo (Brazil)
72411=Vivo (Brazil)
72415=Sercomtel (Brazil)
72416=Brasil Telecom (Brazil)
72423=Vivo (Brazil)
72424=Oi (Brazil)
72431=Oi (Brazil)
72454=Porto Seguro (Brazil)

# Argentina (722)
72201=Movistar Argentina (Argentina)
72207=Movistar Argentina (Argentina)
72210=Movistar Argentina (Argentina)
72220=Nextel Argentina (Argentina)
72270=Movistar Argentina (Argentina)
72231=CTI PCS (Argentina)
72234=Personal (Argentina)
72241=Personal (Argentina)
72310=Claro Argentina (Argentina)
72320=Claro Argentina (Argentina)
72330=Claro Argentina (Argentina)
72341=Personal (Argentina)

# Chile (730)
73001=Entel Chile (Chile)
73002=Movistar Chile (Chile)
73003=Claro Chile (Chile)
73007=Movistar Chile (Chile)
73010=Entel Chile (Chile)

# Colombia (732)
73001=Comcel (Colombia)
73002=Edatel (Colombia)
73003=Tigo (Colombia)
73004=Movistar (Colombia)
73007=Movistar (Colombia)
73099=Emtelsa (Colombia)
73101=Claro Colombia (Colombia)
73102=Edatel (Colombia)
73103=Tigo (Colombia)
73111=Tigo (Colombia)
73123=Movistar (Colombia)
73130=Avantel (Colombia)

# Poland (260)
26001=Plus (Poland)
26002=T-Mobile Poland (Poland)
26003=Orange Poland (Poland)
26005=Orange Poland (Poland)
26006=Play (Poland)
26007=Netia (Poland)
26012=Cyfrowy Polsat (Poland)
26017=Aero2 (Poland)
26098=Play (Poland)

# Czech Republic (230)
23001=T-Mobile Czech (Czech Republic)
23002=O2 Czech (Czech Republic)
23003=Vodafone Czech (Czech Republic)
23004=Nordic Telecom (Czech Republic)

# Portugal (268)
26801=Vodafone Portugal (Portugal)
26803=Optimus (Portugal)
26806=TMN (Portugal)

# Greece (202)
20201=Cosmote (Greece)
20202=Cosmote (Greece)
20205=Vodafone Greece (Greece)
20209=Wind Hellas (Greece)
20210=Wind Hellas (Greece)

# Croatia (219)
21901=T-Mobile Croatia (Croatia)
21902=Tele2 (Croatia)
21910=Vipnet/A1 (Croatia)

# Bosnia and Herzegovina (218)
21803=HT Eronet (Bosnia and Herzegovina)
21805=m:tel (Bosnia and Herzegovina)
21890=BH Mobile (Bosnia and Herzegovina)

# Montenegro (297)
29701=Telenor Montenegro (Montenegro)
29702=T-Mobile Montenegro (Montenegro)
29703=m:tel (Montenegro)

# Albania (276)
27601=Vodafone Albania (Albania)
27602=Vodafone Albania (Albania)
27603=Eagle Mobile (Albania)
27604=Plus Communication (Albania)

# North Macedonia (294)
29401=T-Mobile Macedonia (North Macedonia)
29402=ONE/VIP (North Macedonia)
29403=Vip (North Macedonia)

# Georgia (282)
28201=Geocell (Georgia)
28202=Magti/MagtiCom (Georgia)
28203=Magticom (Georgia)
28204=Beeline Georgia (Georgia)
28205=Silknet (Georgia)

# Romania (226)
22601=Vodafone Romania (Romania)
22603=Telekom Romania (Romania)
22605=Orange Romania (Romania)
22610=Orange Romania (Romania)

# Hungary (216)
21601=Telenor Hungary (Hungary)
21630=T-Mobile Hungary (Hungary)
21670=Vodafone Hungary (Hungary)

# Ireland (272)
27201=Vodafone Ireland (Ireland)
27202=Three (3) Ireland (Ireland)
27203=Meteor (Ireland)
27207=eMobile (Ireland)

# Iceland (274)
27401=Síminn (Iceland)
27402=Vodafone Iceland (Iceland)
27403=Sensa (Iceland)
27404=Viking (Iceland)
27411=Nova (Iceland)

# Russia (250)
25001=MTS (Russia)
25002=MegaFon (Russia)
25005=ETK (Russia)
25007=Zao SMARTS (Russia)
25010=DTC (Russia)
25011=Yota (Russia)
25012=Baykal (Russia)
25015=SMARTS (Russia)
25016=NTC (Russia)
25019=INDIGO (Russia)
25020=Tele2 Russia (Russia)
25028=Beeline (Russia)
25039=Uraltel (Russia)
25044=Beeline (Russia)
25099=Beeline (Russia)

# Kazakhstan (401)
40101=Beeline/KaR-Tel (Kazakhstan)
40102=Kcell/Activ (Kazakhstan)
40107=Dalacom/Altel (Kazakhstan)
40108=Kazakhtelecom/Tele2 (Kazakhstan)

# Kyrgyzstan (437)
43701=Beeline/Sky Mobile (Kyrgyzstan)
43705=Megacom (Kyrgyzstan)
43709=O!/NUR Telecom (Kyrgyzstan)

# Tajikistan (436)
43601=Tcell (Tajikistan)
43602=Megafon Tajikistan (Tajikistan)
43603=MLT/Indigo (Tajikistan)
43604=Babilon-Mobile (Tajikistan)
43605=Beeline (Tajikistan)

# Ukraine (255)
25501=MTS Ukraine (Ukraine)
25502=Beeline Ukraine (Ukraine)
25503=Kyivstar (Ukraine)
25505=Golden Telecom (Ukraine)
25506=life:) (Ukraine)
25507=3Mob (Ukraine)

# Turkey (286)
28601=Turkcell (Turkey)
28602=Vodafone Turkey (Turkey)
28603=Avea (Turkey)
28604=Aycell (Turkey)

# Afghanistan (412)
41201=AWCC (Afghan Wireless) (Afghanistan)
41220=Roshan (Afghanistan)
41240=Areeba/MTN (Afghanistan)
41250=Etisalat Afghanistan (Afghanistan)
41280=Salaam (Afghanistan)

# Pakistan (410)
41001=Mobilink/Jazz (Pakistan)
41003=Ufone (Pakistan)
41004=Zong (Pakistan)
41006=Telenor Pakistan (Pakistan)
41007=Warid (Pakistan)

# Iran (432)
43211=MCI/Hamrah-e Aval (Iran)
43214=TKC/Kish (Iran)
43219=MTCE (Iran)
43220=Rightel (Iran)
43232=Taliya (Iran)
43235=Irancell (Iran)
43270=MTCE (Iran)

# Iraq (418)
41805=Asia Cell (Iraq)
41820=Zain Iraq (Iraq)
41830=Iraqna (Iraq)
41840=Korek (Iraq)
41845=Mobitel (Iraq)
41862=Itisaluna/Omnnea (Iraq)

# Syria (417)
41701=Syriatel (Syria)
41702=MTN Syria (Syria)
41709=Syriatel (Syria)

# Jordan (416)
41601=Zain Jordan (Jordan)
41602=Xpress (Jordan)
41603=Umniah (Jordan)
41677=Orange Jordan (Jordan)

# Lebanon (415)
41501=Alfa (Lebanon)
41503=MIC2/Touch (Lebanon)

# Yemen (421)
42101=SabaFon (Yemen)
42102=MTN (Yemen)
42104=Y (Yemen)

# Oman (422)
42202=Oman Mobile (Oman)
42203=Nawras (Oman)

# Kuwait (419)
41902=Zain Kuwait (Kuwait)
41903=Ooredoo/Wataniya (Kuwait)
41904=Viva (Kuwait)

# Bahrain (426)
42601=Batelco (Bahrain)
42602=Zain Bahrain (Bahrain)
42604=Viva (Bahrain)

# Qatar (427)
42701=Ooredoo (Qatar)
42706=Vodafone Qatar (Qatar)

# Armenia (283)
28301=Beeline/ArmenTel (Armenia)
28304=Karabakh Telecom (Armenia)
28305=VivaCell-MTS (Armenia)
28310=Orange Armenia (Armenia)

# Azerbaijan (400)
40001=Azercell (Azerbaijan)
40002=Bakcell (Azerbaijan)
40004=Nar Mobile (Azerbaijan)

# Turkmenistan (438)
43801=MTS Turkmenistan (Turkmenistan)
43802=TM-Cell (Turkmenistan)

# Uzbekistan (434)
43401=Buztel/Beeline (Uzbekistan)
43404=Unitel/Beeline (Uzbekistan)
43405=Ucell (Uzbekistan)
43407=UzMobile (Uzbekistan)

# Bangladesh (470)
47001=Grameenphone (Bangladesh)
47002=Robi (Bangladesh)
47003=Banglalink (Bangladesh)
47004=TeleTalk (Bangladesh)
47007=Airtel Bangladesh (Bangladesh)

# Sri Lanka (413)
41301=Mobitel (Sri Lanka)
41302=Dialog (Sri Lanka)
41303=Etisalat/Hutch (Sri Lanka)
41308=Airtel (Sri Lanka)

# Nepal (429)
42901=Nepal Telecom (Nepal)
42902=Ncell (Nepal)

# Maldives (472)
47201=Dhiraagu (Maldives)
47202=Ooredoo Maldives (Maldives)

# Myanmar (414)
41401=MPT (Myanmar)
41405=Ooredoo Myanmar (Myanmar)
41406=Telenor Myanmar (Myanmar)

# Cambodia (456)
45601=Mobitel/Cellcard (Cambodia)
45602=Smart (Cambodia)
45603=qb/Cambodia Advance Comms (Cambodia)
45604=qb (Cambodia)
45605=Smart (Cambodia)
45606=Beeline/Smart (Cambodia)
45608=Metfone (Cambodia)
45609=Viettel (Cambodia)

# Laos (457)
45701=Lao Telecom (Laos)
45702=ETL (Laos)
45703=Unitel (Laos)
45708=Beeline/Tigo (Laos)

# Mongolia (428)
42898=Unitel (Mongolia)
42899=Mobicom (Mongolia)
42891=Skytel (Mongolia)

# Brunei (528)
52801=DST Com (Brunei)
52802=B-Mobile (Brunei)
52811=DSTCom (Brunei)

# Papua New Guinea (537)
53701=B-Mobile (Papua New Guinea)
53702=GreenCom (Papua New Guinea)
53703=Digicel (Papua New Guinea)

# Saudi Arabia (420)
42001=Al Jawal (Saudi Arabia)
42003=Mobily (Saudi Arabia)
42004=Zain Saudi Arabia (Saudi Arabia)
42007=Zain Saudi Arabia (Saudi Arabia)

# UAE (424-430-431)
42402=Etisalat (UAE)
42403=Du (UAE)
43002=Etisalat (UAE)
43104=Etisalat (UAE)

# Israel (425)
42501=Orange Israel (Israel)
42502=Cellcom (Israel)
42503=Pelephone (Israel)
42507=Hot Mobile (Israel)
42508=Golan Telecom (Israel)
42515=Home Cellular (Israel)
42577=Hot Mobile (Israel)

# South Africa (655)
65501=Vodacom (South Africa)
65502=Telkom Mobile (South Africa)
65507=Cell C (South Africa)
65510=MTN (South Africa)

# Egypt (602)
60201=Mobinil (Egypt)
60202=Vodafone Egypt (Egypt)
60203=Etisalat Egypt (Egypt)

# Morocco (604)
60400=Meditel (Morocco)
60401=Maroc Telecom (Morocco)
60402=Wana/Inwi (Morocco)

# Algeria (603)
60301=Mobilis (Algeria)
60302=Djezzy (Algeria)
60303=Ooredoo/Nedjma (Algeria)

# Tunisia (605)
60501=Orange Tunisia (Tunisia)
60502=Tunisie Telecom (Tunisia)
60503=Ooredoo Tunisia (Tunisia)

# Libya (606)
60600=Libyana (Libya)
60601=Al-Madar (Libya)
60602=Hatef Libya (Libya)
60603=Libya Phone (Libya)

# Ghana (620)
62001=MTN Ghana (Ghana)
62002=Vodafone Ghana (Ghana)
62003=tiGO (Ghana)
62004=Expresso (Ghana)
62006=Airtel/Zain (Ghana)
62007=Globacom (Ghana)

# Ivory Coast/Côte d'Ivoire (612)
61202=Moov (Ivory Coast)
61203=Orange (Ivory Coast)
61204=KoZ (Ivory Coast)
61205=MTN (Ivory Coast)

# Senegal (608)
60801=Orange Senegal (Senegal)
60802=Tigo/Sentel (Senegal)
60803=Expresso (Senegal)

# Mali (610)
61001=Malitel (Mali)
61002=Orange Mali (Mali)

# Cameroon (624)
62401=MTN Cameroon (Cameroon)
62402=Orange Cameroon (Cameroon)
62404=Nexttel (Cameroon)

# Tanzania (640)
64002=tiGO (Tanzania)
64003=Zantel (Tanzania)
64004=Vodacom (Tanzania)
64005=Airtel (Tanzania)

# Uganda (641)
64101=Airtel Uganda (Uganda)
64110=MTN Uganda (Uganda)
64111=Uganda Telecom (Uganda)
64114=Africell (Uganda)
64122=Warid (Uganda)

# Mozambique (643)
64301=mCel (Mozambique)
64304=Vodacom Mozambique (Mozambique)

# Zambia (645)
64501=Airtel (Zambia)
64502=MTN (Zambia)
64503=Zamtel (Zambia)

# Zimbabwe (648)
64801=NetOne (Zimbabwe)
64803=Telecel (Zimbabwe)
64804=Econet (Zimbabwe)

# Angola (631)
63102=Unitel (Angola)
63104=Movicel (Angola)

# Namibia (649)
64901=MTC (Namibia)
64902=Switch/TN Mobile (Namibia)
64903=Leo/Orascom (Namibia)

# Botswana (652)
65201=Mascom (Botswana)
65202=Orange Botswana (Botswana)
65204=BTC Mobile (Botswana)

# Ethiopia (636)
63601=ETH-MTN (Ethiopia)

# Nigeria (621)
62120=Zain Nigeria (Nigeria)
62130=MTN Nigeria (Nigeria)
62140=M-Tel (Nigeria)
62150=Glo Mobile (Nigeria)
62160=Etisalat Nigeria (Nigeria)

# Kenya (639)
63902=Safaricom (Kenya)
63903=Airtel Kenya (Kenya)
63905=Econet (Kenya)
63907=Orange Kenya (Kenya)

# South Korea (450)
45002=KT (South Korea)
45004=KT (South Korea)
45005=SKT (South Korea)
45006=LG U+ (South Korea)
45008=KT (South Korea)

# Singapore (525)
52501=SingTel (Singapore)
52502=SingTel (Singapore)
52503=M1 (Singapore)
52505=StarHub (Singapore)
52507=SingTel (Singapore)

# Malaysia (502)
50212=Maxis (Malaysia)
50213=Celcom (Malaysia)
50216=DiGi (Malaysia)
50217=Maxis (Malaysia)
50218=U Mobile (Malaysia)
50219=Celcom (Malaysia)

# Thailand (520)
52001=AIS (Thailand)
52003=AIS (Thailand)
52004=TrueMove (Thailand)
52005=dtac (Thailand)
52015=TOT (Thailand)
52018=dtac (Thailand)
52023=AIS (Thailand)
52099=TrueMove H (Thailand)

# Philippines (515)
51502=Globe (Philippines)
51503=Smart (Philippines)
51505=Sun Cellular (Philippines)
51518=Smart (Philippines)

# Indonesia (510)
51001=Indosat (Indonesia)
51008=Axis (Indonesia)
51010=Telkomsel (Indonesia)
51011=XL Axiata (Indonesia)
51021=Indosat (Indonesia)
51027=Ceria (Indonesia)
51028=Smartfren (Indonesia)
51089=3 Indonesia (Indonesia)

# Vietnam (452)
45201=MobiFone (Vietnam)
45202=Vinaphone (Vietnam)
45204=Viettel Mobile (Vietnam)
45205=Vietnamobile (Vietnam)
45207=Beeline Vietnam (Vietnam)
45208=3 Vietnam (Vietnam)

# Taiwan (466)
46601=FarEasTone (Taiwan)
46688=KG Telecom (Taiwan)
46689=T Star (Taiwan)
46692=Chunghwa (Taiwan)
46693=Mobitai (Taiwan)
46697=Taiwan Mobile (Taiwan)

# Hong Kong (454)
45400=CSL (Hong Kong)
45402=CSL (Hong Kong)
45403=3 Hong Kong (Hong Kong)
45404=3 Hong Kong (Hong Kong)
45406=SmarTone (Hong Kong)
45410=CSL (Hong Kong)
45412=CMCC HK (Hong Kong)
45415=SmarTone (Hong Kong)
45416=PCCW Mobile (Hong Kong)
45417=SmarTone (Hong Kong)
45419=PCCW Mobile (Hong Kong)
45420=PCCW Mobile (Hong Kong)

# New Zealand (530)
53001=Vodafone New Zealand (New Zealand)
53002=Telecom NZ (New Zealand)
53003=Woosh (New Zealand)
53004=TelstraClear (New Zealand)
53005=Telecom NZ (New Zealand)
53024=2degrees (New Zealand)

# Default fallback
-=Unknown Operator

NULL=Unknown
