# Mobile Network Operator Codes (MCC+MNC)
# Format: MCCMNC=Operator Name (Country)
# MCC = Mobile Country Code (3 digits)
# MNC = Mobile Network Code (2-3 digits)

# Denmark (238)
23801=TDC NET (Denmark)
23802=Telenor Denmark (Denmark)
23803=MIGway (Denmark)
23806=Hi3G (3) Denmark (Denmark)
23807=Voxbone (Denmark)
23808=Nordisk Mobiltelefon (Denmark)
23810=TDC (Denmark)
23812=Lycamobile Denmark (Denmark)
23820=Telia Denmark (Denmark)
23830=Greenwave (Denmark)
23877=Telenor Denmark (Denmark)

# Norway (242)
24201=Telenor Norway (Norway)
24202=NetCom Norway (Norway)
24203=Teletopia (Norway)
24204=Tele2 Norway (Norway)
24205=Network Norway (Norway)
24206=ICE (Norway)
24207=Ventelo (Norway)
24208=TDC (Norway)
24209=Com4 (Norway)
24214=ICE Communication Norge (Norway)

# Sweden (240)
24001=Telia Sweden (Sweden)
24002=Three (3) Sweden (Sweden)
24003=Netett Sverige (Sweden)
24004=Sweden 3G (Sweden)
24005=Svenska UMTS (Sweden)
24006=Telenor Sweden (Sweden)
24007=Tele2 Sweden (Sweden)
24008=Telenor Sweden (Sweden)
24010=Spring Mobil (Sweden)
24024=Tele2 Sweden (Sweden)

# Finland (244)
24403=DNA (Finland)
24405=Elisa (Finland)
24409=Finnet (Finland)
24412=DNA (Finland)
24414=Ålands Telekommunikation (Finland)
24421=Elisa (Finland)
24491=Sonera (Finland)

# USA (310-316)
310004=Verizon (USA)
310012=Verizon (USA)
310030=AT&T (USA)
310070=AT&T (USA)
310080=AT&T (USA)
310150=AT&T (USA)
310170=T-Mobile (USA)
310200=T-Mobile (USA)
310210=T-Mobile (USA)
310220=T-Mobile (USA)
310230=T-Mobile (USA)
310240=T-Mobile (USA)
310260=T-Mobile (USA)
310410=AT&T (USA)
310560=AT&T (USA)
310890=Verizon (USA)
311480=Verizon (USA)

# UK (234-235)
23410=O2 UK (UK)
23415=Vodafone UK (UK)
23420=Three (3) UK (UK)
23430=EE (UK)
23431=EE (UK)
23432=EE (UK)
23433=EE (UK)
23450=JT (Jersey Telecom) (UK)
23455=Cable & Wireless (UK)
23476=BT (UK)

# Germany (262)
26201=T-Mobile Germany (Germany)
26202=Vodafone Germany (Germany)
26203=E-Plus (Germany)
26204=Vodafone Germany (Germany)
26206=T-Mobile Germany (Germany)
26207=O2 Germany (Germany)
26208=O2 Germany (Germany)
26209=Vodafone Germany (Germany)

# France (208)
20801=Orange France (France)
20802=Orange France (France)
20810=SFR (France)
20811=SFR (France)
20815=Free Mobile (France)
20820=Bouygues Telecom (France)
20821=Bouygues Telecom (France)

# Spain (214)
21401=Vodafone Spain (Spain)
21403=Orange Spain (Spain)
21404=Yoigo (Spain)
21405=Telefónica (Movistar) (Spain)
21406=Vodafone Spain (Spain)
21407=Telefónica (Movistar) (Spain)
21409=Orange Spain (Spain)

# Italy (222)
22201=TIM (Italy)
22206=Vodafone Italy (Italy)
22210=Vodafone Italy (Italy)
22288=Wind Italy (Italy)
22299=3 Italia (Italy)

# Netherlands (204)
20404=Vodafone Netherlands (Netherlands)
20408=KPN (Netherlands)
20412=Telfort (Netherlands)
20416=T-Mobile Netherlands (Netherlands)
20420=Orange Netherlands (Netherlands)

# Belgium (206)
20601=Proximus (Belgium)
20605=Telenet (Belgium)
20610=Mobistar (Belgium)
20620=Base (Belgium)

# Switzerland (228)
22801=Swisscom (Switzerland)
22802=Sunrise (Switzerland)
22803=Salt Mobile (Switzerland)

# Austria (232)
23201=A1 Telekom Austria (Austria)
23203=T-Mobile Austria (Austria)
23205=Orange Austria (Austria)
23207=T-Mobile Austria (Austria)

# Australia (505)
50501=Telstra (Australia)
50502=Optus (Australia)
50503=Vodafone Australia (Australia)
50505=Telstra (Australia)
50506=Three (3) Australia (Australia)

# China (460)
46000=China Mobile (China)
46001=China Unicom (China)
46003=China Telecom (China)
46011=China Telecom (China)

# Japan (440-441)
44000=Y-Mobile (Japan)
44010=NTT Docomo (Japan)
44020=SoftBank (Japan)
44050=KDDI (Japan)
44051=KDDI (Japan)

# India (404-405)
40401=Vodafone India (India)
40402=Airtel (India)
40403=Airtel (India)
40404=Idea (India)
40410=Airtel (India)
40420=Vodafone India (India)
40446=Reliance Jio (India)

# Canada (302)
30272=Rogers (Canada)
302220=Telus (Canada)
302370=Fido (Canada)
302490=Freedom Mobile (Canada)
302610=Bell (Canada)
302620=ICE Wireless (Canada)
302630=Aliant (Canada)
302640=Bell (Canada)
302650=Telus (Canada)
302660=MTS (Canada)
302720=Rogers (Canada)
302780=SaskTel (Canada)

# Mexico (334)
33402=Telcel (Mexico)
33403=Movistar (Mexico)
33404=Iusacell (Mexico)
33405=Unefon (Mexico)
33409=Nextel (Mexico)
33420=AT&T Mexico (Mexico)
33450=Iusacell (Mexico)

# Brazil (724)
72402=TIM Brasil (Brazil)
72403=TIM Brasil (Brazil)
72404=TIM Brasil (Brazil)
72405=Claro Brasil (Brazil)
72406=Vivo (Brazil)
72410=Vivo (Brazil)
72411=Vivo (Brazil)
72415=Sercomtel (Brazil)
72416=Brasil Telecom (Brazil)
72423=Vivo (Brazil)
72424=Oi (Brazil)
72431=Oi (Brazil)
72454=Porto Seguro (Brazil)

# Argentina (722)
72201=Movistar Argentina (Argentina)
72207=Movistar Argentina (Argentina)
72210=Movistar Argentina (Argentina)
72220=Nextel Argentina (Argentina)
72270=Movistar Argentina (Argentina)
72231=CTI PCS (Argentina)
72234=Personal (Argentina)
72241=Personal (Argentina)
72310=Claro Argentina (Argentina)
72320=Claro Argentina (Argentina)
72330=Claro Argentina (Argentina)
72341=Personal (Argentina)

# Chile (730)
73001=Entel Chile (Chile)
73002=Movistar Chile (Chile)
73003=Claro Chile (Chile)
73007=Movistar Chile (Chile)
73010=Entel Chile (Chile)

# Colombia (732)
73001=Comcel (Colombia)
73002=Edatel (Colombia)
73003=Tigo (Colombia)
73004=Movistar (Colombia)
73007=Movistar (Colombia)
73099=Emtelsa (Colombia)
73101=Claro Colombia (Colombia)
73102=Edatel (Colombia)
73103=Tigo (Colombia)
73111=Tigo (Colombia)
73123=Movistar (Colombia)
73130=Avantel (Colombia)

# Poland (260)
26001=Plus (Poland)
26002=T-Mobile Poland (Poland)
26003=Orange Poland (Poland)
26005=Orange Poland (Poland)
26006=Play (Poland)
26007=Netia (Poland)
26012=Cyfrowy Polsat (Poland)
26017=Aero2 (Poland)
26098=Play (Poland)

# Czech Republic (230)
23001=T-Mobile Czech (Czech Republic)
23002=O2 Czech (Czech Republic)
23003=Vodafone Czech (Czech Republic)
23004=Nordic Telecom (Czech Republic)

# Portugal (268)
26801=Vodafone Portugal (Portugal)
26803=Optimus (Portugal)
26806=TMN (Portugal)

# Greece (202)
20201=Cosmote (Greece)
20202=Cosmote (Greece)
20205=Vodafone Greece (Greece)
20209=Wind Hellas (Greece)
20210=Wind Hellas (Greece)

# Romania (226)
22601=Vodafone Romania (Romania)
22603=Telekom Romania (Romania)
22605=Orange Romania (Romania)
22610=Orange Romania (Romania)

# Hungary (216)
21601=Telenor Hungary (Hungary)
21630=T-Mobile Hungary (Hungary)
21670=Vodafone Hungary (Hungary)

# Ireland (272)
27201=Vodafone Ireland (Ireland)
27202=Three (3) Ireland (Ireland)
27203=Meteor (Ireland)
27207=eMobile (Ireland)

# Iceland (274)
27401=Síminn (Iceland)
27402=Vodafone Iceland (Iceland)
27403=Sensa (Iceland)
27404=Viking (Iceland)
27411=Nova (Iceland)

# Russia (250)
25001=MTS (Russia)
25002=MegaFon (Russia)
25005=ETK (Russia)
25007=Zao SMARTS (Russia)
25010=DTC (Russia)
25011=Yota (Russia)
25012=Baykal (Russia)
25015=SMARTS (Russia)
25016=NTC (Russia)
25019=INDIGO (Russia)
25020=Tele2 Russia (Russia)
25028=Beeline (Russia)
25039=Uraltel (Russia)
25044=Beeline (Russia)
25099=Beeline (Russia)

# Ukraine (255)
25501=MTS Ukraine (Ukraine)
25502=Beeline Ukraine (Ukraine)
25503=Kyivstar (Ukraine)
25505=Golden Telecom (Ukraine)
25506=life:) (Ukraine)
25507=3Mob (Ukraine)

# Turkey (286)
28601=Turkcell (Turkey)
28602=Vodafone Turkey (Turkey)
28603=Avea (Turkey)
28604=Aycell (Turkey)

# Saudi Arabia (420)
42001=Al Jawal (Saudi Arabia)
42003=Mobily (Saudi Arabia)
42004=Zain Saudi Arabia (Saudi Arabia)
42007=Zain Saudi Arabia (Saudi Arabia)

# UAE (424-430-431)
42402=Etisalat (UAE)
42403=Du (UAE)
43002=Etisalat (UAE)
43104=Etisalat (UAE)

# Israel (425)
42501=Orange Israel (Israel)
42502=Cellcom (Israel)
42503=Pelephone (Israel)
42507=Hot Mobile (Israel)
42508=Golan Telecom (Israel)
42515=Home Cellular (Israel)
42577=Hot Mobile (Israel)

# South Africa (655)
65501=Vodacom (South Africa)
65502=Telkom Mobile (South Africa)
65507=Cell C (South Africa)
65510=MTN (South Africa)

# Egypt (602)
60201=Mobinil (Egypt)
60202=Vodafone Egypt (Egypt)
60203=Etisalat Egypt (Egypt)

# Nigeria (621)
62120=Zain Nigeria (Nigeria)
62130=MTN Nigeria (Nigeria)
62140=M-Tel (Nigeria)
62150=Glo Mobile (Nigeria)
62160=Etisalat Nigeria (Nigeria)

# Kenya (639)
63902=Safaricom (Kenya)
63903=Airtel Kenya (Kenya)
63905=Econet (Kenya)
63907=Orange Kenya (Kenya)

# South Korea (450)
45002=KT (South Korea)
45004=KT (South Korea)
45005=SKT (South Korea)
45006=LG U+ (South Korea)
45008=KT (South Korea)

# Singapore (525)
52501=SingTel (Singapore)
52502=SingTel (Singapore)
52503=M1 (Singapore)
52505=StarHub (Singapore)
52507=SingTel (Singapore)

# Malaysia (502)
50212=Maxis (Malaysia)
50213=Celcom (Malaysia)
50216=DiGi (Malaysia)
50217=Maxis (Malaysia)
50218=U Mobile (Malaysia)
50219=Celcom (Malaysia)

# Thailand (520)
52001=AIS (Thailand)
52003=AIS (Thailand)
52004=TrueMove (Thailand)
52005=dtac (Thailand)
52015=TOT (Thailand)
52018=dtac (Thailand)
52023=AIS (Thailand)
52099=TrueMove H (Thailand)

# Philippines (515)
51502=Globe (Philippines)
51503=Smart (Philippines)
51505=Sun Cellular (Philippines)
51518=Smart (Philippines)

# Indonesia (510)
51001=Indosat (Indonesia)
51008=Axis (Indonesia)
51010=Telkomsel (Indonesia)
51011=XL Axiata (Indonesia)
51021=Indosat (Indonesia)
51027=Ceria (Indonesia)
51028=Smartfren (Indonesia)
51089=3 Indonesia (Indonesia)

# Vietnam (452)
45201=MobiFone (Vietnam)
45202=Vinaphone (Vietnam)
45204=Viettel Mobile (Vietnam)
45205=Vietnamobile (Vietnam)
45207=Beeline Vietnam (Vietnam)
45208=3 Vietnam (Vietnam)

# Taiwan (466)
46601=FarEasTone (Taiwan)
46688=KG Telecom (Taiwan)
46689=T Star (Taiwan)
46692=Chunghwa (Taiwan)
46693=Mobitai (Taiwan)
46697=Taiwan Mobile (Taiwan)

# Hong Kong (454)
45400=CSL (Hong Kong)
45402=CSL (Hong Kong)
45403=3 Hong Kong (Hong Kong)
45404=3 Hong Kong (Hong Kong)
45406=SmarTone (Hong Kong)
45410=CSL (Hong Kong)
45412=CMCC HK (Hong Kong)
45415=SmarTone (Hong Kong)
45416=PCCW Mobile (Hong Kong)
45417=SmarTone (Hong Kong)
45419=PCCW Mobile (Hong Kong)
45420=PCCW Mobile (Hong Kong)

# New Zealand (530)
53001=Vodafone New Zealand (New Zealand)
53002=Telecom NZ (New Zealand)
53003=Woosh (New Zealand)
53004=TelstraClear (New Zealand)
53005=Telecom NZ (New Zealand)
53024=2degrees (New Zealand)

# Default fallback
-=Unknown Operator

NULL=Unknown
